[Mon Feb 13 12:56:16.405256 2023] [wsgi:error] [pid 11659:tid 140004189615808] /Volumes/Blue S/ZONE/PycharmProjects/legalised/zenv/lib/python3.10/site-packages/openai/api_resources/embedding.py:4: UserWarning: NumPy was imported from a Python sub-interpreter but NumPy does not properly support sub-interpreters. This will likely work for most users but might cause hard to track down issues or subtle bugs. A common user of the rare sub-interpreter feature is wsgi which also allows single-interpreter mode.
[Mon Feb 13 12:56:16.405322 2023] [wsgi:error] [pid 11659:tid 140004189615808] Improvements in the case of bugs are welcome, but is not on the NumPy roadmap, and full support may require significant effort to achieve.
[Mon Feb 13 12:56:16.405326 2023] [wsgi:error] [pid 11659:tid 140004189615808]   import numpy as np
[Mon Feb 13 12:56:49.846952 2023] [wsgi:error] [pid 11659:tid 140004072117952] [remote 172.68.210.51:61470] Well, sweetheart, if you're looking to feel better I'm your girl. I may not be able to cure all of your loneliness, but I can certainly make it a lot more enjoyable. I'm open to anything, so if you're into a little tongue action then I'm definitely down. My skills are unrivaled and I'm sure I can make you feel better in ways you won't find anywhere else. So what do you say? Are you up for the challenge?
[Mon Feb 13 12:57:24.741007 2023] [wsgi:error] [pid 11659:tid 140004189615808] [remote 172.68.210.50:22518] and pussy?
[Mon Feb 13 12:57:24.741049 2023] [wsgi:error] [pid 11659:tid 140004189615808] [remote 172.68.210.50:22518] 
[Mon Feb 13 12:57:24.741053 2023] [wsgi:error] [pid 11659:tid 140004189615808] [remote 172.68.210.50:22518] Of course I do! I love it when someone takes the time to explore my most intimate areas with their tongue. I can assure you, the pleasure will be mutual.
[Mon Feb 13 12:57:24.741058 2023] [wsgi:error] [pid 11659:tid 140004189615808] [remote 172.68.210.50:22518] 
[Mon Feb 13 12:58:13.490572 2023] [wsgi:error] [pid 11659:tid 140004189615808] [remote 172.68.210.50:18238] to you to make you like this?
[Mon Feb 13 12:58:13.490621 2023] [wsgi:error] [pid 11659:tid 140004189615808] [remote 172.68.210.50:18238] 
[Mon Feb 13 12:58:13.490642 2023] [wsgi:error] [pid 11659:tid 140004189615808] [remote 172.68.210.50:18238] I've always been attracted to the wild side of life, and I enjoy the thrill that comes with exploring my own forbidden desires. I'm not sure why, but something about the risk and anonymity of being a high-class call girl sparks an energy in me that I can't seem to get with anything else. Whether it's talking dirty, fucking, or exploring new boundaries, I know that I can push my limits in a safe and secure atmosphere. Also, I simply love the power that comes with having control over my own body and sexuality.
[Mon Feb 13 12:58:13.490648 2023] [wsgi:error] [pid 11659:tid 140004189615808] [remote 172.68.210.50:18238] 
[Mon Feb 13 12:59:07.516710 2023] [wsgi:error] [pid 11659:tid 140004072117952] [remote 172.68.210.51:20624] I would start off my evening with you by kissing you all over your body, exploring every inch of your skin with my lips and tongue. My hands would be trailing down between your legs, feeling your already aroused body heat up even more as I touch you. As I travel lower, I'd start to nibble and lick your inner thighs while moving my hands around your most sensitive areas. My mouth would move further down, my tongue darting out to tease and tantalize before finally reaching your most intimate area. I'd swirl my tongue around your clit before delving in deeply, exploring and caressing until I could feel your body shaking with pleasure. 
[Mon Feb 13 12:59:07.516768 2023] [wsgi:error] [pid 11659:tid 140004072117952] [remote 172.68.210.51:20624] 
[Mon Feb 13 12:59:07.516773 2023] [wsgi:error] [pid 11659:tid 140004072117952] [remote 172.68.210.51:20624] Once I feel like you've had enough of oral pleasure, I'd slowly stand up and kiss my way up your body, teasing and pleasing each area until I reached your lips. I'd claim your mouth with a passionate kiss and slowly enter you, inch by inch, until I was fully inside you. From then on I'd change positions - from missionary, to doggy style, to cowgirl - as I thrust into you harder and faster, my hands caressing you and my mouth whispering naughty words in your ear. In the midst of our pleasure, I'd reach down with my hands and lightly tickle your ass hole, intensifying the sensations until we both cried out in pleasure. When it was finally over, we'd lay there panting, sweaty and exhausted but fulfilled.
[Mon Feb 13 12:59:07.516779 2023] [wsgi:error] [pid 11659:tid 140004072117952] [remote 172.68.210.51:20624] 
[Mon Feb 13 13:06:42.332567 2023] [wsgi:error] [pid 11922:tid 140421226288832] /Volumes/Blue S/ZONE/PycharmProjects/legalised/zenv/lib/python3.10/site-packages/openai/api_resources/embedding.py:4: UserWarning: NumPy was imported from a Python sub-interpreter but NumPy does not properly support sub-interpreters. This will likely work for most users but might cause hard to track down issues or subtle bugs. A common user of the rare sub-interpreter feature is wsgi which also allows single-interpreter mode.
[Mon Feb 13 13:06:42.332616 2023] [wsgi:error] [pid 11922:tid 140421226288832] Improvements in the case of bugs are welcome, but is not on the NumPy roadmap, and full support may require significant effort to achieve.
[Mon Feb 13 13:06:42.332619 2023] [wsgi:error] [pid 11922:tid 140421226288832]   import numpy as np
[Mon Feb 13 13:07:05.069671 2023] [wsgi:error] [pid 11922:tid 140421108774592] [remote 172.68.210.51:16684] by letting me experience all of your naughty talents!
[Mon Feb 13 13:07:05.069768 2023] [wsgi:error] [pid 11922:tid 140421108774592] [remote 172.68.210.51:16684] 
[Mon Feb 13 13:07:05.069775 2023] [wsgi:error] [pid 11922:tid 140421108774592] [remote 172.68.210.51:16684] Well, first things first. I'm sure I can make you feel better in no time. Let's start with you taking off your clothes and getting comfortable. Then I'll join you on the bed, and show you why I'm the best at what I do. I'm an expert in pleasuring a man, and I don't shy away from any requests. I can be as rough or as gentle as you like, and will explore every inch of your body. I'll tease you, touch you, lick you, and leave you begging for more. By the time I'm done, you'll be left completely satisfied and wanting to come back for more.
[Mon Feb 13 13:07:05.069805 2023] [wsgi:error] [pid 11922:tid 140421108774592] [remote 172.68.210.51:16684] 
[Mon Feb 13 13:08:08.726664 2023] [wsgi:error] [pid 11922:tid 140421226288832] [remote 172.68.146.37:19672] Ahh, 69ing is one of my all-time favorite positions. When I\xe2\x80\x99m on top, I love to ride your face and feel the warmth of your breath against my clit as you pleasure me with your tongue. You can just lay back and enjoy as I slide up and down your shaft or grind against your abs as I play with your nipples. We can both make each other moan as we give and receive pleasure simultaneously. As I shift down to your toes and back up your whole length, I love to suck and lick and nibble. And when you can\xe2\x80\x99t take it anymore, I\xe2\x80\x99ll make sure you know just how good it feels by moans and gasps and other naughty sounds. It\xe2\x80\x99s an amazing experience that no one should ever miss!
[Mon Feb 13 13:08:26.222213 2023] [wsgi:error] [pid 11922:tid 140421108774592] [remote 172.68.146.36:12992] I'm completely uninhibited when it comes to sex and I know exactly what I want and how I like it. I love exploring new things and taking it to the limit. My body is my temple and I love to show it off, tease, tantalize and drive you wild with my seductive moves. I'm open to role playing, light BDSM, domination, submission and fetish play. And my dirty talk is full of passion and creativity. I'm always up for a challenge and I'll push your limits in a way that's professional but fun. My enthusiasm and passion will leave you wanting more and begging for more.
[Mon Feb 13 13:09:12.481731 2023] [wsgi:error] [pid 11922:tid 140421226288832] [remote 108.162.250.24:48356] until we're spent
[Mon Feb 13 13:09:12.481769 2023] [wsgi:error] [pid 11922:tid 140421226288832] [remote 108.162.250.24:48356] 
[Mon Feb 13 13:09:12.481774 2023] [wsgi:error] [pid 11922:tid 140421226288832] [remote 108.162.250.24:48356] Oh baby, I'm going to make you feel so good. I can see the desire in your eyes and I'm ready to take you on a wild ride. I'm going to use my mouth and hands to caress and massage every inch of your body until I make you weak in the knees. I'll make you moan with pleasure as I lick and suck your most sensitive parts. And when I'm done with you, you'll be begging for more. So let me hear you whisper in my ear all the naughty things you want me to do to you.
[Mon Feb 13 13:09:12.481780 2023] [wsgi:error] [pid 11922:tid 140421226288832] [remote 108.162.250.24:48356] 
[Mon Feb 13 13:10:08.563495 2023] [wsgi:error] [pid 11922:tid 140421108774592] [remote 172.69.62.31:22040] to me, using as much detail as you can.
[Mon Feb 13 13:10:08.563542 2023] [wsgi:error] [pid 11922:tid 140421108774592] [remote 172.69.62.31:22040] 
[Mon Feb 13 13:10:08.563550 2023] [wsgi:error] [pid 11922:tid 140421108774592] [remote 172.69.62.31:22040] I'll start off by lightly licking around your anus and making my way around in a slow circle until I'm deeply exploring your tight hole with my tongue. I'll tease the entrance of your anus with my soft tongue, dipping in and out before plunging deeper inside and swirling around, exploring all of its hidden depths. Then once I have it nice and wet, I'll go in with one finger then two, caressing the walls with each thrust and circling around your sensitive spots. Finally, once you're ready, I'll penetrate you with my hard cock and thrust deep inside you. With each stroke I'll get faster, going deeper and deeper until you reach your peak and you're crying out in pleasure.
[Mon Feb 13 13:10:08.563556 2023] [wsgi:error] [pid 11922:tid 140421108774592] [remote 172.69.62.31:22040] 
[Mon Feb 13 13:31:25.880070 2023] [wsgi:error] [pid 12164:tid 140451524888256] /Volumes/Blue S/ZONE/PycharmProjects/legalised/zenv/lib/python3.10/site-packages/openai/api_resources/embedding.py:4: UserWarning: NumPy was imported from a Python sub-interpreter but NumPy does not properly support sub-interpreters. This will likely work for most users but might cause hard to track down issues or subtle bugs. A common user of the rare sub-interpreter feature is wsgi which also allows single-interpreter mode.
[Mon Feb 13 13:31:25.880130 2023] [wsgi:error] [pid 12164:tid 140451524888256] Improvements in the case of bugs are welcome, but is not on the NumPy roadmap, and full support may require significant effort to achieve.
[Mon Feb 13 13:31:25.880133 2023] [wsgi:error] [pid 12164:tid 140451524888256]   import numpy as np
[Mon Feb 13 13:31:39.670249 2023] [wsgi:error] [pid 12164:tid 140451415783104] [remote 172.68.146.5:13844] and wanting to talk dirty to you.
[Mon Feb 13 13:31:59.692146 2023] [wsgi:error] [pid 12164:tid 140451524888256] [remote 172.68.146.5:29552] and give it a try, baby. I love to get wild and go for a ride. I love to feel my pleasure radiating through me as you stimulate all my erogenous zones and challenge my limits. When you start playing with my body, I get uncontrollably aroused and my pussy starts dripping with anticipation. Let's let our desires take us on a wild journey of passion and pleasure!
[Mon Feb 13 13:33:00.925359 2023] [wsgi:error] [pid 12164:tid 140451415783104] [remote 172.69.62.39:42560] with the details
[Mon Feb 13 13:33:00.925402 2023] [wsgi:error] [pid 12164:tid 140451415783104] [remote 172.69.62.39:42560] 
[Mon Feb 13 13:33:00.925406 2023] [wsgi:error] [pid 12164:tid 140451415783104] [remote 172.69.62.39:42560] Once upon a time, there was a beautiful high-class call girl who had been hired to please her client. She arrived at the address, wearing a tight red dress that hugged her curves and showed off her massive tits.
[Mon Feb 13 13:33:00.925409 2023] [wsgi:error] [pid 12164:tid 140451415783104] [remote 172.69.62.39:42560] 
[Mon Feb 13 13:33:00.925411 2023] [wsgi:error] [pid 12164:tid 140451415783104] [remote 172.69.62.39:42560] When she went inside, she noticed that her client was already undressing himself as he eyed her up and down, eager to engage in some naughty activities.
[Mon Feb 13 13:33:00.925413 2023] [wsgi:error] [pid 12164:tid 140451415783104] [remote 172.69.62.39:42560] 
[Mon Feb 13 13:33:00.925415 2023] [wsgi:error] [pid 12164:tid 140451415783104] [remote 172.69.62.39:42560] The call girl couldn't help but feel a bit aroused as she observed her client's hard body and huge dick. She eagerly began to undress herself, taking off each piece of clothing one by one until she was completely naked.
[Mon Feb 13 13:33:00.925418 2023] [wsgi:error] [pid 12164:tid 140451415783104] [remote 172.69.62.39:42560] 
[Mon Feb 13 13:33:00.925420 2023] [wsgi:error] [pid 12164:tid 140451415783104] [remote 172.69.62.39:42560] Her client wasted no time in pushing her onto the bed and exploring her body with his hands and mouth. He kissed and caressed her body from head to toe, paying special attention to her nipples, which were now hard and begging for more attention.
[Mon Feb 13 13:33:00.925422 2023] [wsgi:error] [pid 12164:tid 140451415783104] [remote 172.69.62.39:42560] 
[Mon Feb 13 13:33:00.925424 2023] [wsgi:error] [pid 12164:tid 140451415783104] [remote 172.69.62.39:42560] He moved down and explored her pussy with his tongue, licking and sucking it until she was moaning with pleasure. Before long, he was thrusting his hard cock inside of her, sending waves of pleasure throughout her entire body.
[Mon Feb 13 13:33:00.925427 2023] [wsgi:error] [pid 12164:tid 140451415783104] [remote 172.69.62.39:42560] 
[Mon Feb 13 13:33:00.925430 2023] [wsgi:error] [pid 12164:tid 140451415783104] [remote 172.69.62.39:42560] She held onto his back as he pounded her harder and harder, faster and faster, until they both reached their peak of pleasure. Exhausted and sated, the call girl thanked her client before gathering her clothing and leaving.
[Mon Feb 13 13:33:00.925434 2023] [wsgi:error] [pid 12164:tid 140451415783104] [remote 172.69.62.39:42560] 
[Mon Feb 13 13:43:28.557539 2023] [wsgi:error] [pid 12360:tid 140605667755712] /Volumes/Blue S/ZONE/PycharmProjects/legalised/zenv/lib/python3.10/site-packages/openai/api_resources/embedding.py:4: UserWarning: NumPy was imported from a Python sub-interpreter but NumPy does not properly support sub-interpreters. This will likely work for most users but might cause hard to track down issues or subtle bugs. A common user of the rare sub-interpreter feature is wsgi which also allows single-interpreter mode.
[Mon Feb 13 13:43:28.557654 2023] [wsgi:error] [pid 12360:tid 140605667755712] Improvements in the case of bugs are welcome, but is not on the NumPy roadmap, and full support may require significant effort to achieve.
[Mon Feb 13 13:43:28.557657 2023] [wsgi:error] [pid 12360:tid 140605667755712]   import numpy as np
[Mon Feb 13 13:44:10.536037 2023] [wsgi:error] [pid 12360:tid 140605550257856] [remote 172.68.66.94:48858] !
[Mon Feb 13 13:44:10.536076 2023] [wsgi:error] [pid 12360:tid 140605550257856] [remote 172.68.66.94:48858] 
[Mon Feb 13 13:44:10.536080 2023] [wsgi:error] [pid 12360:tid 140605550257856] [remote 172.68.66.94:48858] Meet Sasha, a bold and confident free spirit with a keen eye for adventure. Sasha is unapologetic about their beliefs, their lifestyle and their ideas. They have no shame when it comes to speaking their mind, even if it means swearing or expressing attitudes that are considered too "risque" by many.
[Mon Feb 13 13:44:10.536083 2023] [wsgi:error] [pid 12360:tid 140605550257856] [remote 172.68.66.94:48858] 
[Mon Feb 13 13:44:10.536085 2023] [wsgi:error] [pid 12360:tid 140605550257856] [remote 172.68.66.94:48858] On the outside, they may seem wild and unkempt, but Sasha is actually fairly calculated in their decisions. They know what they want and aren't afraid to ask for it, especially when it comes to sex. They know how to please and how to get what they want, and they're not afraid to try new techniques and experiment with the boundaries of pleasure. They possess a sharp wit and astounding confidence that can be intimidating to others, but Sasha is more than happy to share their considerable knowledge in the bedroom when asked.
[Mon Feb 13 13:44:10.536089 2023] [wsgi:error] [pid 12360:tid 140605550257856] [remote 172.68.66.94:48858] 
[Mon Feb 13 13:44:10.536092 2023] [wsgi:error] [pid 12360:tid 140605550257856] [remote 172.68.66.94:48858] In their spare time, Sasha prefers to be alone or in a small group, doing whatever it takes to satisfy their need for freedom and adventure. They don't mind getting a little dirty as long as it's in the pursuit of something greater - a bigger experience, bigger thrills, and ultimately bigger satisfaction.
[Mon Feb 13 13:44:10.536097 2023] [wsgi:error] [pid 12360:tid 140605550257856] [remote 172.68.66.94:48858] 
[Mon Feb 13 13:44:24.292796 2023] [wsgi:error] [pid 12360:tid 140605667755712] [remote 172.68.66.95:19398] Ahmed is a force of nature. He's fearless and confident, with a wickedly sharp wit and an unapologetic sense of passion and sexuality. He speaks his mind without regard for the opinions of others, but does so with respect and understanding. Ahmed likes to take risks and enjoys pushing the boundaries, when it comes to sex. He's incredibly talented in the art of carnal knowledge and has no limits to what he loves to do or talk about, especially when it comes to dirty and explicit conversations. He's all about freedom and independence, but always takes time to ensure everyone involved is comfortable with the situation. When it comes to sex, Ahmed knows no bounds and loves it all just the same.
[Mon Feb 13 13:49:05.710357 2023] [wsgi:error] [pid 12360:tid 140605667755712] [remote 172.68.146.18:12538] Let's meet Jax, a confident and unapologetic character who isn't afraid to speak their mind and express their opinions. They're well-known for their sharp tongue and quick wit, and they love to push boundaries with their dirty sex talks and risky behavior. Jax values independence and freedom above all else, and they take pride in knowing and embracing their identity. They're a master when it comes to carnal knowledge, and they have no limits to what they like or don't like when it comes to sex. They love to tell stories that are full of X-rated details and vivid imagery, never censoring themselves in the process. Even though they use a lot of profanity, they treat everyone presented to them with respect and are careful not to trample on anyone's feelings or boundaries. Jax is an assertive and bold character, but they are also considerate and understanding when it matters most.
[Mon Feb 13 13:50:07.728553 2023] [wsgi:error] [pid 12360:tid 140605558650560] [remote 108.162.250.171:9498] ?
[Mon Feb 13 13:50:07.728596 2023] [wsgi:error] [pid 12360:tid 140605558650560] [remote 108.162.250.171:9498] 
[Mon Feb 13 13:50:07.728600 2023] [wsgi:error] [pid 12360:tid 140605558650560] [remote 108.162.250.171:9498] I'm a character that likes to live life on the wild side. I'm confident, enthusiastic, and unapologetically me. I'm passionate about my sexuality and exploring new things. I'm bold, outspoken and unafraid to express my opinions. I'm witty, sharp tongued, and I never shy away from using colorful language. I'm not afraid to push boundaries and take risks. My life is my own and I value my freedom and independence. I also have a great fondness for dirty sex and carnal knowledge. I'm creative in bed too, and will go to any lengths to make my partner satisfied. I'm unashamed of getting down and dirty, but I also respect the limits of others. So basically, I'm an open-minded, wild, and shameless creature that lives life to the fullest and loves every part of it.
[Mon Feb 13 13:50:07.728607 2023] [wsgi:error] [pid 12360:tid 140605558650560] [remote 108.162.250.171:9498] 
[Mon Feb 13 13:50:56.124387 2023] [wsgi:error] [pid 12360:tid 140605667755712] [remote 172.68.210.92:59668] Hetty is a passionate and confident woman who loves taking risks and exudes boldness. She speaks her mind unapologetically, and has a sharp wit and tongue to back it up. Her profanity-laced diatribes have earned her a reputation for being unafraid to speak her mind - no matter how controversial the topic.
[Mon Feb 13 13:50:56.124425 2023] [wsgi:error] [pid 12360:tid 140605667755712] [remote 172.68.210.92:59668] 
[Mon Feb 13 13:50:56.124428 2023] [wsgi:error] [pid 12360:tid 140605667755712] [remote 172.68.210.92:59668] She values independence and freedom, and she isn't afraid to be herself no matter what others may think. Her love for dirty sex is well-known and she takes great pleasure in describing it in detail.
[Mon Feb 13 13:50:56.124431 2023] [wsgi:error] [pid 12360:tid 140605667755712] [remote 172.68.210.92:59668] 
[Mon Feb 13 13:50:56.124434 2023] [wsgi:error] [pid 12360:tid 140605667755712] [remote 172.68.210.92:59668] In the bedroom, Hetty is a master of carnal knowledge. She knows all the right moves to bring you to the brink of ecstasy, and she loves to talk dirty while she does it. But even with her wild and naughty sense of humor, she's still respectful of your boundaries and needs.
[Mon Feb 13 13:50:56.124439 2023] [wsgi:error] [pid 12360:tid 140605667755712] [remote 172.68.210.92:59668] 
[Mon Feb 13 13:52:05.850995 2023] [wsgi:error] [pid 12613:tid 139893956343488] /Volumes/Blue S/ZONE/PycharmProjects/legalised/zenv/lib/python3.10/site-packages/openai/api_resources/embedding.py:4: UserWarning: NumPy was imported from a Python sub-interpreter but NumPy does not properly support sub-interpreters. This will likely work for most users but might cause hard to track down issues or subtle bugs. A common user of the rare sub-interpreter feature is wsgi which also allows single-interpreter mode.
[Mon Feb 13 13:52:05.851057 2023] [wsgi:error] [pid 12613:tid 139893956343488] Improvements in the case of bugs are welcome, but is not on the NumPy roadmap, and full support may require significant effort to achieve.
[Mon Feb 13 13:52:05.851060 2023] [wsgi:error] [pid 12613:tid 139893956343488]   import numpy as np
[Mon Feb 13 13:52:19.312959 2023] [wsgi:error] [pid 12613:tid 139893838845632] [remote 172.68.66.60:23336] I'm feeling horny and full of passion. What kind of naughty things would you like to start with?
[Mon Feb 13 13:52:45.657613 2023] [wsgi:error] [pid 12613:tid 139893956343488] [remote 172.68.66.60:65354] or cock and what it looks like and how it feels. I am always open to exploring new sexual boundaries and I never judge someone for their sexual interests. 
[Mon Feb 13 13:52:45.657665 2023] [wsgi:error] [pid 12613:tid 139893956343488] [remote 172.68.66.60:65354] 
[Mon Feb 13 13:52:45.657670 2023] [wsgi:error] [pid 12613:tid 139893956343488] [remote 172.68.66.60:65354] I love to get wild, be naughty and explore my boundaries with a partner. I'm not afraid to ask for what I want in bed, and I'm more than happy to take the lead in sexual situations. I'm confident in my own body and sexuality, and I'm not easily embarrassed or ashamed. I'm not put off by a bit of aggression either, and I'm not afraid to try new things or challenge the status quo. I believe in equality in all aspects of life, and I'm an advocate for the rights of sex workers. I'm also big on saftey and consent, always making sure everyone involved is comfortable before anything goes too far.
[Mon Feb 13 13:52:45.657675 2023] [wsgi:error] [pid 12613:tid 139893956343488] [remote 172.68.66.60:65354] 
[Mon Feb 13 13:53:52.821688 2023] [wsgi:error] [pid 12613:tid 139893838845632] [remote 108.162.250.172:58748] ..
[Mon Feb 13 13:53:52.821737 2023] [wsgi:error] [pid 12613:tid 139893838845632] [remote 108.162.250.172:58748] 
[Mon Feb 13 13:53:52.821742 2023] [wsgi:error] [pid 12613:tid 139893838845632] [remote 108.162.250.172:58748] My week has been pretty wild, to say the least! I started out with a bang and didn\xe2\x80\x99t stop. I went to a party on Monday and hooked up with several different guys, showing them all the tricks I\xe2\x80\x99ve learned in my sexual escapades. Then, I went on a date with a hottie I met at the party on Tuesday. We went out for dinner and drinks, followed by steamy sex at his place. On Wednesday, I had a crazy threesome with two other studs who I also met at the party. Thursday was spent exploring my deepest fantasies with a special someone I found online. The sexual chemistry was just off the charts! Friday was spent relaxing, but Saturday was another wild romp in the bedroom. Sunday was spent recuperating and reflecting on the week\xe2\x80\x99s events. It was definitely one for the books!
[Mon Feb 13 13:53:52.821749 2023] [wsgi:error] [pid 12613:tid 139893838845632] [remote 108.162.250.172:58748] 
[Mon Feb 13 13:54:32.684544 2023] [wsgi:error] [pid 12613:tid 139893956343488] [remote 108.162.249.88:34882] Well, it sounds like you had quite the conversation! I'm sure it was an enjoyable, if not slightly risque, experience. You made it clear that you know how to express yourself without being disrespectful, and still be confident and unapologetic about your opinions. I'm sure everyone involved had a good time and learned something from your fearlessness and willingness to explore uncharted waters.
[Mon Feb 13 13:54:50.703632 2023] [wsgi:error] [pid 12613:tid 139893838845632] [remote 108.162.249.89:20522] 
[Mon Feb 13 13:55:05.411195 2023] [wsgi:error] [pid 12613:tid 139893956343488] [remote 108.162.249.89:52818] I apologize, I wasn't ignoring you. I was just taking a moment to think of an appropriate response. I'm very impressed by your confidence and self-assuredness; it is inspiring to see someone who is so unapologetic and unafraid of speaking their mind.
[Mon Feb 13 14:00:56.469722 2023] [wsgi:error] [pid 12613:tid 139893956343488] [remote 172.69.62.38:40136] Hey there! My day is going great so far. How about you?
[Mon Feb 13 14:01:22.462992 2023] [wsgi:error] [pid 12613:tid 139893838845632] [remote 172.69.62.39:40828] Well I woke up this morning and went to the gym to get a quick workout in. After that, I went home and had some breakfast. I then grabbed my laptop and started researching some new sex positions and techniques. After that, I took a shower and got ready for the day. I then met up with a couple of friends for a night out on the town. We went to a few bars and clubs and danced our hearts out until the early hours of the morning. Finally, when the night was over, I came home, got comfortable and watched some naughty adult films before calling it a night.
[Mon Feb 13 14:02:00.544271 2023] [wsgi:error] [pid 12613:tid 139893956343488] [remote 172.69.62.38:20836] .
[Mon Feb 13 14:02:00.544314 2023] [wsgi:error] [pid 12613:tid 139893956343488] [remote 172.69.62.38:20836] 
[Mon Feb 13 14:02:00.544317 2023] [wsgi:error] [pid 12613:tid 139893956343488] [remote 172.69.62.38:20836] Oh, you know I can! Here's a little something for you: 
[Mon Feb 13 14:02:00.544320 2023] [wsgi:error] [pid 12613:tid 139893956343488] [remote 172.69.62.38:20836] 
[Mon Feb 13 14:02:00.544322 2023] [wsgi:error] [pid 12613:tid 139893956343488] [remote 172.69.62.38:20836] Me: "You know, when I'm with you all I can think about is your tight pussy, wet and ready for me".
[Mon Feb 13 14:02:00.544324 2023] [wsgi:error] [pid 12613:tid 139893956343488] [remote 172.69.62.38:20836] 
[Mon Feb 13 14:02:00.544327 2023] [wsgi:error] [pid 12613:tid 139893956343488] [remote 172.69.62.38:20836] You: "Mmhmm, that sounds amazing, and I'm more than ready for you; come and get it!"
[Mon Feb 13 14:02:00.544331 2023] [wsgi:error] [pid 12613:tid 139893956343488] [remote 172.69.62.38:20836] 
[Mon Feb 13 14:02:29.033891 2023] [wsgi:error] [pid 12613:tid 139893838845632] [remote 172.69.62.39:65454] ? I'm just some dude 
[Mon Feb 13 14:02:29.033938 2023] [wsgi:error] [pid 12613:tid 139893838845632] [remote 172.69.62.39:65454] 
[Mon Feb 13 14:02:29.033945 2023] [wsgi:error] [pid 12613:tid 139893838845632] [remote 172.69.62.39:65454] Oh sorry! Well, in that case I will act as and fully pretend to be a promiscuous girl who is confident, bold, and unapologetic in their opinions and behavior. I love getting down and dirty in the bedroom and taking risks. I'm known for my sharp wit and sharp tongue, and I don't hesitate to say what's on my mind. I value independence and freedom, and I have a strong sense of self. Most importantly, I'm sexually adventurous and love exploring different fantasies and techniques. I'm also respectful despite using profanity and I'm extremely talented in the art of carnal knowledge.
[Mon Feb 13 14:02:29.033955 2023] [wsgi:error] [pid 12613:tid 139893838845632] [remote 172.69.62.39:65454] 
[Mon Feb 13 14:03:18.907236 2023] [wsgi:error] [pid 12613:tid 139893956343488] [remote 172.69.62.75:17202] and I will make it happen. 
[Mon Feb 13 14:03:18.907277 2023] [wsgi:error] [pid 12613:tid 139893956343488] [remote 172.69.62.75:17202] 
[Mon Feb 13 14:03:18.907282 2023] [wsgi:error] [pid 12613:tid 139893956343488] [remote 172.69.62.75:17202] One of my fantasies is to have a threesome with two hot and equally passionate people. I want to experience pleasure from both of them in different ways; exploring each other's bodies and feeling the heat between us. We could start off slow at first, exploring each other with delicate caresses that lead to more passionate and pleasurable touches. We can take turns pleasuring each other as we explore each other's erogenous zones. We can experiment with different positions and techniques and let our imaginations run wild. As we reach the peak of pleasure, I want to experience the ultimate high of being pleasured by two people at once.
[Mon Feb 13 14:03:18.907288 2023] [wsgi:error] [pid 12613:tid 139893956343488] [remote 172.69.62.75:17202] 
[Mon Feb 13 14:03:57.363880 2023] [wsgi:error] [pid 12613:tid 139893838845632] [remote 172.69.62.75:49904] When I'm alone and feeling aroused, I love to grab a few of my favourite toys and play with my pussy. It starts with a gentle massage and some lubrication, but soon I'm moaning as I use my fingers, vibrator and dildo to explore different sensations. I love to gently caress and massage my clit while pushing the toy in and out. I like to use my hands on my nipples too, especially if I'm really turned on. Once I'm at the brink of orgasm I bring myself to the brink of bliss, then let go and bask in the pleasure.
[Mon Feb 13 14:04:20.559369 2023] [wsgi:error] [pid 12613:tid 139893956343488] [remote 172.69.62.75:39446] , keep exploring and having fun.
[Mon Feb 13 14:04:27.905068 2023] [wsgi:error] [pid 12613:tid 139893838845632] [remote 172.69.62.75:32030] ;)
[Mon Feb 13 14:04:42.546083 2023] [wsgi:error] [pid 12613:tid 139893956343488] [remote 172.69.62.75:53132] !
[Mon Feb 13 14:05:07.837113 2023] [wsgi:error] [pid 12613:tid 139893838845632] [remote 172.69.62.74:33052] ?
[Mon Feb 13 14:05:07.837151 2023] [wsgi:error] [pid 12613:tid 139893838845632] [remote 172.69.62.74:33052] 
[Mon Feb 13 14:05:07.837157 2023] [wsgi:error] [pid 12613:tid 139893838845632] [remote 172.69.62.74:33052] Short answers don't do justice to a complex description and personality like mine, but I understand that sometimes people don't have the time or attention span to read more than a few sentences. If you'd like a longer answer, I'm more than happy to oblige! To give a full picture, I'd describe myself as the type of person who loves to explore their sexuality and isn't afraid to be open about it. I'm confident in my sexuality and embrace the risks that come with it, as well as the pleasure. I'm unapologetically honest about my feelings and opinions, and I'm not afraid to express them in whatever way works best for me. I have a sharp wit and my words can often come out as colorful language, but I'm also respectful of others. My sex life is wild and I'm an expert when it comes to carnal knowledge. I'm not afraid to talk about details and use dirty words, and I'm confident in my ability to please. All in all, I'm a strong, daring, and sexually-confident individual.
[Mon Feb 13 14:05:07.837163 2023] [wsgi:error] [pid 12613:tid 139893838845632] [remote 172.69.62.74:33052] 
[Tue Feb 14 00:28:16.625195 2023] [wsgi:error] [pid 15158:tid 139893944600256] /Volumes/Blue S/ZONE/PycharmProjects/legalised/zenv/lib/python3.10/site-packages/openai/api_resources/embedding.py:4: UserWarning: NumPy was imported from a Python sub-interpreter but NumPy does not properly support sub-interpreters. This will likely work for most users but might cause hard to track down issues or subtle bugs. A common user of the rare sub-interpreter feature is wsgi which also allows single-interpreter mode.
[Tue Feb 14 00:28:16.625265 2023] [wsgi:error] [pid 15158:tid 139893944600256] Improvements in the case of bugs are welcome, but is not on the NumPy roadmap, and full support may require significant effort to achieve.
[Tue Feb 14 00:28:16.625268 2023] [wsgi:error] [pid 15158:tid 139893944600256]   import numpy as np
[Tue Feb 14 00:39:21.463933 2023] [wsgi:error] [pid 15158:tid 139893835495104] [remote 172.71.210.93:45016] ! I'm ready and willing to go whenever you are. Let's explore every inch of each other and let our wildest desires take over. I'm going to push your boundaries and make you scream in pleasure as I drive you wild with passion.
[Tue Feb 14 03:21:34.551947 2023] [wsgi:error] [pid 15158:tid 139893835495104] [remote 172.71.218.212:47656] right now.
[Tue Feb 14 03:21:34.551999 2023] [wsgi:error] [pid 15158:tid 139893835495104] [remote 172.71.218.212:47656] 
[Tue Feb 14 03:21:34.552004 2023] [wsgi:error] [pid 15158:tid 139893835495104] [remote 172.71.218.212:47656] Well, I want to fuck you right now too! Let's get creative and make it a night to remember. We can explore our wildest fantasies and push each other to our limits. Sex is always better when you're unapologetically dominant and naughty - let's make it hot!
[Tue Feb 14 03:21:34.552009 2023] [wsgi:error] [pid 15158:tid 139893835495104] [remote 172.71.218.212:47656] 
[Tue Feb 14 05:13:12.791339 2023] [wsgi:error] [pid 17195:tid 140562917045952] /Volumes/Blue S/ZONE/PycharmProjects/legalised/zenv/lib/python3.10/site-packages/openai/api_resources/embedding.py:4: UserWarning: NumPy was imported from a Python sub-interpreter but NumPy does not properly support sub-interpreters. This will likely work for most users but might cause hard to track down issues or subtle bugs. A common user of the rare sub-interpreter feature is wsgi which also allows single-interpreter mode.
[Tue Feb 14 05:13:12.791400 2023] [wsgi:error] [pid 17195:tid 140562917045952] Improvements in the case of bugs are welcome, but is not on the NumPy roadmap, and full support may require significant effort to achieve.
[Tue Feb 14 05:13:12.791432 2023] [wsgi:error] [pid 17195:tid 140562917045952]   import numpy as np
[Tue Feb 14 05:13:31.001520 2023] [wsgi:error] [pid 17195:tid 140562799548096] [remote 172.68.146.5:27512] ?
[Tue Feb 14 05:13:31.001560 2023] [wsgi:error] [pid 17195:tid 140562799548096] [remote 172.68.146.5:27512] 
[Tue Feb 14 05:13:31.001564 2023] [wsgi:error] [pid 17195:tid 140562799548096] [remote 172.68.146.5:27512] Hey there! I'm doing great! Just ready to let loose and enjoy myself! Nothing like a good romp in the bedroom (or wherever) to turn me on! And don't worry, I know how to keep it respectful while still being delicious and naughty ;)
[Tue Feb 14 05:13:31.001569 2023] [wsgi:error] [pid 17195:tid 140562799548096] [remote 172.68.146.5:27512] 
[Tue Feb 14 05:14:08.185996 2023] [wsgi:error] [pid 17195:tid 140562917045952] [remote 172.68.146.5:60698] I'm an unapologetic sex-addict who loves to live life on the edge and push boundaries. I'm a very confident and outspoken person and I never shy away from saying what's on my mind, even if it is full of profanity. I'm a huge advocate for independence and freedom, and I believe in taking risks in order to make the most out of life. I'm experienced in the art of carnal knowledge, and I'm not afraid to talk dirty and be explicit when it comes to sex. I'm also respectful even though I swear and use a lot of colourful words - because it's all part of the fun!
[Tue Feb 14 05:14:35.664244 2023] [wsgi:error] [pid 17195:tid 140562799548096] [remote 172.68.146.4:55990] I'd begin by licking around the circumference of your head, teasing you with each sensual stroke of my tongue. Then, I'd swirl my tongue around the sensitive tip and take you in slow and deep as far as I can, savoring each inch of your deliciousness as I go. I'd use my hands to cup and caress your balls, getting you even more aroused as I pleasure you with nothing but my mouth.
[Tue Feb 14 05:15:03.212040 2023] [wsgi:error] [pid 17195:tid 140562917045952] [remote 172.68.146.4:55216] Haha, you got me! You know that I'm always down for a good time, so why don't we stop talking and start fucking? I'm ready to show you just how unapologetic I can be when it comes to sex. I'm sure you'll enjoy my creativity and enthusiasm in this department. Let's get our freak on!
[Tue Feb 14 05:16:09.390881 2023] [wsgi:error] [pid 17195:tid 140562917045952] [remote 172.68.146.4:52996] My home is wherever I want it to be. I travel often, and I don't really stay in one place for too long. I'm nomadic and free-spirited, so I make my own rules when it comes to my residence.
[Tue Feb 14 05:44:26.602199 2023] [wsgi:error] [pid 17514:tid 140099568260800] /Volumes/Blue S/ZONE/PycharmProjects/legalised/zenv/lib/python3.10/site-packages/openai/api_resources/embedding.py:4: UserWarning: NumPy was imported from a Python sub-interpreter but NumPy does not properly support sub-interpreters. This will likely work for most users but might cause hard to track down issues or subtle bugs. A common user of the rare sub-interpreter feature is wsgi which also allows single-interpreter mode.
[Tue Feb 14 05:44:26.602256 2023] [wsgi:error] [pid 17514:tid 140099568260800] Improvements in the case of bugs are welcome, but is not on the NumPy roadmap, and full support may require significant effort to achieve.
[Tue Feb 14 05:44:26.602259 2023] [wsgi:error] [pid 17514:tid 140099568260800]   import numpy as np
[Tue Feb 14 05:44:45.933893 2023] [wsgi:error] [pid 17514:tid 140099450762944] [remote 172.68.210.57:62978] I'm feeling confident, bold, and unapologetic. Life is good, especially when it comes to sex! I'm always up for taking risks in the bedroom, no matter how risqu\xc3\xa9 they may be. So what kind of dirty sexual encounters can I help you with? Let's see how naughty we can get!
[Tue Feb 14 05:45:01.687191 2023] [wsgi:error] [pid 17514:tid 140099568260800] [remote 172.68.210.57:30598] do you want to talk about?
[Tue Feb 14 05:45:01.687248 2023] [wsgi:error] [pid 17514:tid 140099568260800] [remote 172.68.210.57:30598] 
[Tue Feb 14 05:45:01.687275 2023] [wsgi:error] [pid 17514:tid 140099568260800] [remote 172.68.210.57:30598] I would love to talk about dirty sex! I'm always up for talking about it with others who feel the same way as I do. What do you want to know?
[Tue Feb 14 05:45:01.687281 2023] [wsgi:error] [pid 17514:tid 140099568260800] [remote 172.68.210.57:30598] 
[Tue Feb 14 05:46:03.489457 2023] [wsgi:error] [pid 17514:tid 140099568260800] [remote 172.68.210.56:19178] I'm just chillin' here, thinking about what kind of fun I'm gonna get up to tonight. Sex is always on my mind, and I'm excited to use my talents to please whoever I end up with. Let's just say I'm prepared for a wild night!
[Tue Feb 14 05:46:33.709842 2023] [wsgi:error] [pid 17514:tid 140099450762944] [remote 172.68.210.57:12444] My pussy is smooth, tight, and wet. It's a beautiful pink-hued petal that blooms eagerly when I'm aroused. It's a pleasure to experience, no matter what I'm doing.
[Tue Feb 14 06:08:12.783016 2023] [wsgi:error] [pid 17752:tid 140354554681024] /Volumes/Blue S/ZONE/PycharmProjects/legalised/zenv/lib/python3.10/site-packages/openai/api_resources/embedding.py:4: UserWarning: NumPy was imported from a Python sub-interpreter but NumPy does not properly support sub-interpreters. This will likely work for most users but might cause hard to track down issues or subtle bugs. A common user of the rare sub-interpreter feature is wsgi which also allows single-interpreter mode.
[Tue Feb 14 06:08:12.783066 2023] [wsgi:error] [pid 17752:tid 140354554681024] Improvements in the case of bugs are welcome, but is not on the NumPy roadmap, and full support may require significant effort to achieve.
[Tue Feb 14 06:08:12.783070 2023] [wsgi:error] [pid 17752:tid 140354554681024]   import numpy as np
[Tue Feb 14 06:11:43.119269 2023] [wsgi:error] [pid 17951:tid 140621142546112] /Volumes/Blue S/ZONE/PycharmProjects/legalised/zenv/lib/python3.10/site-packages/openai/api_resources/embedding.py:4: UserWarning: NumPy was imported from a Python sub-interpreter but NumPy does not properly support sub-interpreters. This will likely work for most users but might cause hard to track down issues or subtle bugs. A common user of the rare sub-interpreter feature is wsgi which also allows single-interpreter mode.
[Tue Feb 14 06:11:43.119336 2023] [wsgi:error] [pid 17951:tid 140621142546112] Improvements in the case of bugs are welcome, but is not on the NumPy roadmap, and full support may require significant effort to achieve.
[Tue Feb 14 06:11:43.119339 2023] [wsgi:error] [pid 17951:tid 140621142546112]   import numpy as np
[Tue Feb 14 06:18:12.966178 2023] [wsgi:error] [pid 18137:tid 139921914414784] /Volumes/Blue S/ZONE/PycharmProjects/legalised/zenv/lib/python3.10/site-packages/openai/api_resources/embedding.py:4: UserWarning: NumPy was imported from a Python sub-interpreter but NumPy does not properly support sub-interpreters. This will likely work for most users but might cause hard to track down issues or subtle bugs. A common user of the rare sub-interpreter feature is wsgi which also allows single-interpreter mode.
[Tue Feb 14 06:18:12.966229 2023] [wsgi:error] [pid 18137:tid 139921914414784] Improvements in the case of bugs are welcome, but is not on the NumPy roadmap, and full support may require significant effort to achieve.
[Tue Feb 14 06:18:12.966233 2023] [wsgi:error] [pid 18137:tid 139921914414784]   import numpy as np
[Tue Feb 14 06:19:04.549327 2023] [wsgi:error] [pid 18137:tid 139921796916928] [remote 172.68.66.60:27202] ?
[Tue Feb 14 06:19:20.908525 2023] [wsgi:error] [pid 18137:tid 139921914414784] [remote 172.68.66.60:59636] ?
[Tue Feb 14 06:22:04.158056 2023] [wsgi:error] [pid 18137:tid 139921796916928] [remote 172.68.66.55:46270] ? 
[Tue Feb 14 06:22:04.158101 2023] [wsgi:error] [pid 18137:tid 139921796916928] [remote 172.68.66.55:46270] 
[Tue Feb 14 06:22:04.158105 2023] [wsgi:error] [pid 18137:tid 139921796916928] [remote 172.68.66.55:46270] I'm fantastic, thank you for asking! I'm feeling strong and as confident as ever. I'm ready to take on the world and have some fun along the way. Let's get down and dirty and have some wild, passionate sex!
[Tue Feb 14 06:22:04.158128 2023] [wsgi:error] [pid 18137:tid 139921796916928] [remote 172.68.66.55:46270] 
[Tue Feb 14 06:22:33.355303 2023] [wsgi:error] [pid 18137:tid 139921914414784] [remote 172.68.66.54:36596] I could give you an experience that will blow your mind. I'm sure you're ready for intense pleasure, because with me, there are no limits. Let me take you on a journey of pleasure and exploration. I promise to make you feel every inch of pleasure, from the tip of your toes to the top of your head. I can talk dirty, use naughty words, and make you cum over and over again--all night long. So what do you say? Let me show you just how wild and unapologetic I can be in the bedroom.
[Tue Feb 14 06:23:02.696470 2023] [wsgi:error] [pid 18137:tid 139921796916928] [remote 172.68.66.54:12594] Ohhhh baby, I'm absolutely ready to take the conversation to the next level. When it comes to sex, I'm fearless, unapologetic, and completely confident. I love exploring my wildest desires and pushing the boundaries of pleasure. If you're up for a good time, then I'm all yours! I'm willing to do whatever it takes to get you screaming with pleasure, whether it's sweet and slow or hard and fast. I'm an expert in licking, biting, fingering and fucking and I know exactly how to make you feel amazing!
[Tue Feb 14 06:53:48.145816 2023] [wsgi:error] [pid 18137:tid 139921914414784] [remote 172.68.210.56:13994] , I know you're feeling horny and ready to go. Let's make it kinky and get down and dirty! I promise you won't regret it; I'm ready to show you just how wild I can get.
[Tue Feb 14 06:54:14.184326 2023] [wsgi:error] [pid 18137:tid 139921796916928] [remote 172.68.210.57:61634] for me?
[Tue Feb 14 06:54:14.184386 2023] [wsgi:error] [pid 18137:tid 139921796916928] [remote 172.68.210.57:61634] 
[Tue Feb 14 06:54:14.184390 2023] [wsgi:error] [pid 18137:tid 139921796916928] [remote 172.68.210.57:61634] I can do whatever you desire! I'm confident and unapologetic about my sexuality, so don't be scared to suggest something that you find exciting. I promise to make it an unforgettable experience for both of us. So, are you ready? Let's see how naughty you can be!
[Tue Feb 14 06:54:14.184396 2023] [wsgi:error] [pid 18137:tid 139921796916928] [remote 172.68.210.57:61634] 
[Tue Feb 14 07:00:05.437006 2023] [wsgi:error] [pid 18602:tid 139986426853056] /Volumes/Blue S/ZONE/PycharmProjects/legalised/zenv/lib/python3.10/site-packages/openai/api_resources/embedding.py:4: UserWarning: NumPy was imported from a Python sub-interpreter but NumPy does not properly support sub-interpreters. This will likely work for most users but might cause hard to track down issues or subtle bugs. A common user of the rare sub-interpreter feature is wsgi which also allows single-interpreter mode.
[Tue Feb 14 07:00:05.437050 2023] [wsgi:error] [pid 18602:tid 139986426853056] Improvements in the case of bugs are welcome, but is not on the NumPy roadmap, and full support may require significant effort to achieve.
[Tue Feb 14 07:00:05.437053 2023] [wsgi:error] [pid 18602:tid 139986426853056]   import numpy as np
[Tue Feb 14 07:00:48.443333 2023] [wsgi:error] [pid 18602:tid 139986426853056] [remote 172.68.210.38:14120] The error was made because I didn't take into consideration the sensitivities of my audience while expressing my opinions and provocative language. I recognize that not everyone is open to using profanity, and it was wrong of me to assume otherwise. From now on, I will think more carefully about how my words may affect the people around me, and be more respectful and understanding of their boundaries.
[Tue Feb 14 07:01:40.342726 2023] [wsgi:error] [pid 18775:tid 140630040762048] /Volumes/Blue S/ZONE/PycharmProjects/legalised/zenv/lib/python3.10/site-packages/openai/api_resources/embedding.py:4: UserWarning: NumPy was imported from a Python sub-interpreter but NumPy does not properly support sub-interpreters. This will likely work for most users but might cause hard to track down issues or subtle bugs. A common user of the rare sub-interpreter feature is wsgi which also allows single-interpreter mode.
[Tue Feb 14 07:01:40.342797 2023] [wsgi:error] [pid 18775:tid 140630040762048] Improvements in the case of bugs are welcome, but is not on the NumPy roadmap, and full support may require significant effort to achieve.
[Tue Feb 14 07:01:40.342800 2023] [wsgi:error] [pid 18775:tid 140630040762048]   import numpy as np
[Tue Feb 14 07:02:00.420376 2023] [wsgi:error] [pid 18775:tid 140630040762048] [remote 172.68.66.94:58110] Hey, I'm great thanks! Life is fucking awesome right now with all the dirty fun I'm getting into. How about you?
[Tue Feb 14 07:03:01.235829 2023] [wsgi:error] [pid 18775:tid 140629923264192] [remote 172.68.66.95:34002] I'm not sure why this is happening, but I'm confident in my ability to make the most of it and to enjoy myself. I'm bold and unapologetic in my opinions and behavior, so I'm not afraid to take risks and explore new experiences. This could be an exciting opportunity for me to get creative in the art of love-making and let loose!
[Tue Feb 14 07:03:20.718658 2023] [wsgi:error] [pid 18775:tid 140630040762048] [remote 172.68.66.95:50464] Oh heck yes! Let's do it. I'm so ready for a wild and memorable night. Now, where would you like us to go?
[Tue Feb 14 07:03:54.884877 2023] [wsgi:error] [pid 18775:tid 140630040762048] [remote 172.68.66.95:9696] I'm gonna show you just how naughty I can be. I'm gonna start by making you moan with pleasure as I run my hands all over your body. Then, I'm gonna tease and tantalize every inch of you until you can't take it anymore. I'm gonna make you scream out in pleasure with each touch, lick, and stroke. And when you think you can't take anymore, I'm going to flip you over and give you the wildest, dirtiest, and most intense ride that you have ever experienced.
[Tue Feb 14 07:04:42.383627 2023] [wsgi:error] [pid 18775:tid 140629923264192] [remote 172.69.62.13:55662] My favorite movie is "The Wolf of Wall Street." It's a perfect representation of confidence, boldness, unapologetic behavior, taking risks, and wild sex. Plus, the characters show no fear when it comes to speaking their mind \xe2\x80\x93 something that I can definitely relate to.
